{
    "versions": {
        "content": [
            [
                "versions.yml:md5,d1afb9aa7c14a683e2a0b8a43daa5d31"
            ]
        ],
        "meta": {
            "nf-test": "0.9.0",
            "nextflow": "24.04.4"
        },
        "timestamp": "2024-09-16T08:01:53.33860034"
    },
    "human - cram - stub": {
        "content": [
            {
                "0": [
                    
                ],
                "1": [
                    [
                        {
                            "id": "test",
                            "single_end": false
                        },
                        "test.cram:md5,d41d8cd98f00b204e9800998ecf8427e"
                    ]
                ],
                "2": [
                    
                ],
                "3": [
                    "versions.yml:md5,d1afb9aa7c14a683e2a0b8a43daa5d31"
                ],
                "bam": [
                    
                ],
                "cram": [
                    [
                        {
                            "id": "test",
                            "single_end": false
                        },
                        "test.cram:md5,d41d8cd98f00b204e9800998ecf8427e"
                    ]
                ],
                "sam": [
                    
                ],
                "versions": [
                    "versions.yml:md5,d1afb9aa7c14a683e2a0b8a43daa5d31"
                ]
            }
        ],
        "meta": {
            "nf-test": "0.9.2",
            "nextflow": "24.10.5"
        },
        "timestamp": "2025-03-18T10:42:52.751006"
    },
    "human - cram": {
        "content": [
            "test.cram",
            [
                "versions.yml:md5,d1afb9aa7c14a683e2a0b8a43daa5d31"
            ]
        ],
        "meta": {
            "nf-test": "0.9.2",
            "nextflow": "24.10.5"
        },
        "timestamp": "2025-03-18T11:15:00.429396"
    },
    "bam": {
        "content": [
            "test.bam"
        ],
        "meta": {
            "nf-test": "0.8.4",
            "nextflow": "23.04.3"
        },
        "timestamp": "2024-02-12T18:24:59.755324"
    }
}