{
    "sarscov2-fasta-valid": {
        "content": [
            {
                "0": [
                    [
                        {
                            "id": "test",
                            "single_end": false
                        },
                        "test.success.log:md5,7b9802635c4f44d1711e7132ccdb648e"
                    ]
                ],
                "1": [
                    
                ],
                "2": [
                    "versions.yml:md5,8fdbf4fa23101f225056b3ac1e3f8bde"
                ],
                "error_log": [
                    
                ],
                "success_log": [
                    [
                        {
                            "id": "test",
                            "single_end": false
                        },
                        "test.success.log:md5,7b9802635c4f44d1711e7132ccdb648e"
                    ]
                ],
                "versions": [
                    "versions.yml:md5,8fdbf4fa23101f225056b3ac1e3f8bde"
                ]
            }
        ],
        "meta": {
            "nf-test": "0.9.3",
            "nextflow": "25.10.0"
        },
        "timestamp": "2025-10-29T10:31:10.693721"
    },
    "sarscov2-gff3-invalid": {
        "content": [
            [
                "versions.yml:md5,8fdbf4fa23101f225056b3ac1e3f8bde"
            ]
        ],
        "meta": {
            "nf-test": "0.9.3",
            "nextflow": "25.10.0"
        },
        "timestamp": "2025-10-29T10:31:20.352025"
    },
    "sarscov2-fasta-valid-stub": {
        "content": [
            {
                "0": [
                    [
                        {
                            "id": "test",
                            "single_end": false
                        },
                        "test.success.log:md5,7b9802635c4f44d1711e7132ccdb648e"
                    ]
                ],
                "1": [
                    
                ],
                "2": [
                    "versions.yml:md5,8fdbf4fa23101f225056b3ac1e3f8bde"
                ],
                "error_log": [
                    
                ],
                "success_log": [
                    [
                        {
                            "id": "test",
                            "single_end": false
                        },
                        "test.success.log:md5,7b9802635c4f44d1711e7132ccdb648e"
                    ]
                ],
                "versions": [
                    "versions.yml:md5,8fdbf4fa23101f225056b3ac1e3f8bde"
                ]
            }
        ],
        "meta": {
            "nf-test": "0.9.3",
            "nextflow": "25.10.0"
        },
        "timestamp": "2025-10-29T10:31:15.422126"
    }
}